
=== GrantJudgeDemo  0x7a11c7A753b5F520ADfd65248F7Cafcf25F7AAeE
  funding   0 of 11 accounts topped up
  stakes     spam 0.10 GEN · appeal 0.20 GEN
  windows    appeal 300s · stall 240s

  ROUND 1 — GenLayer Ecosystem Growth, 5 GEN, 4 criteria, 2 seats, 4.00 bar
  treasurer1  create_round     OK        12s  
     ok   round 1 created — id 1
  builder1    submit_proposal  OK        9s  
     ok   proposal filed: indexer — id 1
  builder2    submit_proposal  OK        11s  
     ok   proposal filed: testkit — id 2
  builder3    submit_proposal  OK        7s  
     ok   proposal filed: explorer — id 3
  builder4    submit_proposal  OK        11s  
     ok   proposal filed: moonshot — id 4

  ROUND 2 — Developer Tooling, 3 GEN, 3 criteria, 2 seats, 3.00 bar
  treasurer2  create_round     OK        9s  
     ok   round 2 created — id 2
  builder5    submit_proposal  OK        9s  
  builder1    submit_proposal  OK        13s  

  ROUND 3 — Security Audits, cancelled before anybody filed
  treasurer3  create_round     OK        9s  
  treasurer3  cancel_round     OK        9s  
     ok   round 3 cancelled
     ok   cancel refunded the whole pool — 2.000000 GEN
     ok   the pool is in the treasurer's claimable balance
  treasurer3  claim_payout     OK        12s  

  ROUND 4 — Docs and Translation, 2 GEN, 1 seat, one proposal nobody scores
  treasurer1  create_round     OK        13s  
     ok   round 4 created — id 4
  builder2    submit_proposal  OK        9s  
  builder3    submit_proposal  OK        8s  
  builder4    submit_proposal  OK        9s  

  ROUND 5 — Q4 Ecosystem Fund, left OPEN for the UI
  treasurer2  create_round     OK        9s  
     ok   round 5 created and left open — id 5

  waiting 871s for the last submission window to close…

  evaluating round 1 — one consensus round per proposal
  trigger     evaluate         OK        18s  — Strongest on Team experience (5/7). weakest on Technical feasibility (4/7). The filing carries 44 figures, 5 timing markers, a costed budget, named track record, stated risks. Weighted total 4.86/7.00 with overall quality 7/7 and completeness 4/7, which clears the round's 4.00 threshold.
     ok   scored: indexer — 4,5,5,5 q7 c4 → 4.86/7.00 clears the bar (1 attempt, 18s)
  trigger     evaluate         OK        18s  — Strongest on Technical feasibility (5/7). weakest on Community impact (3/7). The filing carries 30 figures, 3 timing markers, a costed budget, named track record, stated risks. Weighted total 4.34/7.00 with overall quality 5/7 and completeness 4/7, which clears the round's 4.00 threshold.
     ok   scored: testkit — 5,5,3,4 q5 c4 → 4.34/7.00 clears the bar (1 attempt, 18s)
  trigger     evaluate         OK        25s  — Strongest on Technical feasibility (1/7). weakest on Team experience (0/7). The filing carries named track record. Weighted total 0.54/7.00 with overall quality 1/7 and completeness 2/7, which does not clear the round's 4.00 threshold.
     ok   scored: explorer — 1,0,0,0 q1 c2 → 0.54/7.00 below the bar (1 attempt, 25s)
  trigger     evaluate         OK        16s  — Strongest on Technical feasibility (0/7). The filing carries 1 timing marker, named track record. 9 filler phrases cost it bracket room. Weighted total 0.20/7.00 with overall quality 0/7 and completeness 2/7, which does not clear the round's 4.00 threshold.
     ok   scored: moonshot — 0,0,0,0 q0 c2 → 0.20/7.00 below the bar (1 attempt, 16s)
  trigger     finalize         OK        13s  
     ok   round 1 ranked — 2 funded, 2 rejected, 4.641304 GEN allocated
     #1 proposal 1 FUNDED     4.86/7.00  2.641304 GEN
     #2 proposal 2 FUNDED     4.34/7.00  2.000000 GEN
     #3 proposal 3 REJECTED   0.54/7.00  0.000000 GEN
     #4 proposal 4 REJECTED   0.20/7.00  0.000000 GEN
     ok   awards + remainder = pool, exactly — 4.641304 + 0.358696 = 5.00 GEN

  two appeals: one with evidence, one with adjectives
  builder3    contest          OK        19s  — Strongest on Team experience (6/7). weakest on Budget reasonableness (4/7). The filing carries 23 figures, 3 timing markers, a costed budget, named track record, stated risks. Weighted total 5.04/7.00 with overall quality 6/7 and completeness 4/7, which clears the round's 4.00 threshold.
     ok   the evidenced appeal won — 0.54 → 5.04, awarded 0.458696 GEN
     partially funded: the remainder could not cover 1.041304 GEN of the full share, and the shortfall is named rather than swallowed
  builder4    contest          OK        18s  — Strongest on Technical feasibility (0/7). The filing carries 2 timing markers, named track record. 10 filler phrases cost it bracket room. Weighted total 0.20/7.00 with overall quality 0/7 and completeness 2/7, which does not clear the round's 4.00 threshold.
     ok   the adjectival appeal lost — 0.20/7.00, stake forfeited to the pool

  evaluating round 2 — two proposals, two seats, a proportional split
  trigger     evaluate         OK        13s  — Strongest on Developer impact (5/7). weakest on Technical feasibility (4/7). The filing carries 35 figures, 3 timing markers, a costed budget, named track record, stated risks. Weighted total 4.28/7.00 with overall quality 5/7 and completeness 3/7, which clears the round's 3.00 threshold.
     ok   scored: debugger — 4,5,4 → 4.28/7.00 (1 attempt)
  trigger     evaluate         OK        17s  — Strongest on Developer impact (6/7). weakest on Budget reasonableness (3/7). The filing carries 36 figures, 4 timing markers, a costed budget, named track record, stated risks. Weighted total 4.46/7.00 with overall quality 6/7 and completeness 3/7, which clears the round's 3.00 threshold.
     ok   scored: typegen — 4,6,3 → 4.46/7.00 (1 attempt)
  trigger     finalize         OK        54s  
     #1 proposal 6 FUNDED     4.46/7.00  1.530892 GEN
     #2 proposal 5 FUNDED     4.28/7.00  1.469108 GEN
     ok   both round 2 proposals funded
     ok   the split is proportional to the scores — scores 446:428 → awards 1.530892:1.469108

  evaluating round 4 — and leaving one proposal for the stall path
  trigger     evaluate         OK        16s  — Strongest on Developer impact (5/7). weakest on Budget reasonableness (3/7). The filing carries 25 figures, 2 timing markers, a costed budget, named track record, stated risks. Weighted total 4.08/7.00 with overall quality 5/7 and completeness 3/7, which clears the round's 3.00 threshold.
     ok   scored: round 4 translation — → 4.08/7.00
  trigger     evaluate         OK        34s  — Strongest on Developer impact (5/7). weakest on Budget reasonableness (3/7). The filing carries 35 figures, 3 timing markers, a costed budget, named track record, stated risks. Weighted total 4.08/7.00 with overall quality 5/7 and completeness 3/7, which clears the round's 3.00 threshold.
     ok   scored: round 4 debugger — → 4.08/7.00

  waiting 260s for the stall window on the unscored proposal…
  outsider    settle_stalled   OK        12s  
     ok   a stranger settled the stuck proposal — deposit of 0.100000 GEN returned in full
  trigger     finalize         OK        9s  
     #1 proposal 7 FUNDED     4.08/7.00  1.200000 GEN
     #2 proposal 9 QUALIFIED  4.08/7.00  0.000000 GEN
     ok   a proposal above the bar but out of seats keeps its deposit and gets no award

  claims — every award, every returned deposit
  builder1    claim_award      OK        9s  
     ok   claimed: round 1 proposal 1 (indexer) — 2.741304 GEN
  builder2    claim_award      OK        9s  
     ok   claimed: round 1 proposal 2 (testkit) — 2.100000 GEN
  builder3    claim_award      OK        14s  
     ok   claimed: round 1 proposal 3 (explorer) — 0.758696 GEN
  builder5    claim_award      OK        11s  
     ok   claimed: round 2 proposal 5 (debugger) — 1.569108 GEN
  builder1    claim_award      OK        12s  
     ok   claimed: round 2 proposal 6 (typegen) — 1.630892 GEN
  builder2    claim_award      OK        9s  
     ok   claimed: round 4 proposal 7 (translation) — 1.300000 GEN
  builder3    claim_award      OK        12s  
     ok   claimed: round 4 proposal 8 (workshops) — 0.100000 GEN
  builder4    claim_award      OK        9s  
     ok   claimed: round 4 proposal 9 (debugger) — 0.100000 GEN

  waiting 320s for the appeal windows to close…
  treasurer1  claim_remainder_fallback OK        11s  
     ok   remainder booked: round 1 — 0.200000 GEN, round now FINALIZED
     ok   round 1 pool drained to exactly zero — 0 wei still locked
  treasurer2  claim_remainder_fallback OK        9s  
     ok   remainder booked: round 2 — 0.000000 GEN, round now FINALIZED
     ok   round 2 pool drained to exactly zero — 0 wei still locked
  treasurer1  claim_remainder_fallback OK        12s  
     ok   remainder booked: round 4 — 0.800000 GEN, round now FINALIZED
     ok   round 4 pool drained to exactly zero — 0 wei still locked
  treasurer1  claim_payout     OK        8s  
     ok   remainder swept: treasurer1 — 1.000000 GEN
     ok   treasurer1 has nothing left to sweep — 0 wei still owed
  treasurer2  claim_payout     OK        11s  
     ok   remainder swept: treasurer2 — 0.000000 GEN
     ok   treasurer2 has nothing left to sweep — 0 wei still owed

  the books
     rounds 11 · proposals 19 · evaluations 15 · appeals 2 (1 won)
     funded 11 · qualified 1 · rejected 3 · skipped 1
     balance 21.000000 = locked 20.900000 + payable 0.100000 GEN
     ok   the ledger identity holds on chain — balance_wei == locked_wei + payable_wei
     ok   at least four proposals were funded
     ok   at least one proposal was rejected
     ok   at least one proposal was skipped
     ok   at least one proposal qualified without a seat
     ok   one appeal won and one lost
     ok   one round was cancelled

  re-deriving every stored evaluation from storage alone
     ok   every stored evaluation re-derives from its own inputs — 8/8

  GrantConsumer — a DAO registry that only recognises what the judge funded
     preview  proposal 3: would_register=true tier=STANDARD 5.04/7.00
     ok   a funded grant registers — tier STANDARD, 0.458696 GEN
     ok   a rejected proposal is refused by the registry — proposal #4 is rejected and was awarded nothing
     ok   register_grant REVERTS on a grant the judge will not vouch for — GrantConsumer: proposal #4 is rejected and was awarded nothing
     registry 1 grant(s), 0.458696 GEN recognised

=== GrantJudge (canonical)  0xF7601C40bB6aDcAA235e18511eB9E3e81C9d537f
  funding   0 of 11 accounts topped up
  stakes     spam 0.10 GEN · appeal 0.20 GEN
  windows    appeal 86400s · stall 172800s

  an OPEN round on the canonical instance
  treasurer1  create_round     OK        8s  
     ok   canonical open round created — id 1

  a round that reaches RANKED with its 24-hour appeal window still open
  treasurer2  create_round     OK        8s  
  builder1    submit_proposal  OK        9s  
  builder3    submit_proposal  OK        9s  

  waiting 589s for the submission window…
  trigger     evaluate         OK        16s  — Strongest on Team experience (5/7). weakest on Technical feasibility (4/7). The filing carries 44 figures, 5 timing markers, a costed budget, named track record, stated risks. Weighted total 4.60/7.00 with overall quality 6/7 and completeness 4/7, which clears the round's 4.00 threshold.
     ok   canonical scored: indexer — → 4.60/7.00
  trigger     evaluate         OK        12s  — Strongest on Technical feasibility (0/7). The filing carries named track record. Weighted total 0.20/7.00 with overall quality 0/7 and completeness 2/7, which does not clear the round's 4.00 threshold.
     ok   canonical scored: explorer — → 0.20/7.00
  trigger     finalize         OK        11s  
     ok   canonical round ranked — 1 funded, appeal window closes at 1790565885
     ok   the 24-hour appeal window is open on chain

ALL CHECKS PASSED — 46.1 minutes
